led_disp.c:10:6:toggleREDS	8	static
led_disp.c:18:6:toggleGREENs	8	static
led_disp.c:26:6:toggleYELLOWs	8	static
led_disp.c:35:6:enableRED_WEST	8	static
led_disp.c:40:6:enableYELLOW_WEST	8	static
led_disp.c:45:6:enableGREEN_WEST	8	static
led_disp.c:51:6:enableRED_NORTH	8	static
led_disp.c:56:6:enableGREEN_NORTH	8	static
led_disp.c:61:6:enableYELLOW_NORTH	8	static
led_disp.c:69:6:display7SEG1	16	static
led_disp.c:79:6:display7SEG2	16	static
led_disp.c:89:6:display_chuc	16	static
led_disp.c:99:6:display_don_vi	16	static
