led_disp.c:10:6:toggleREDS	8	static
led_disp.c:18:6:toggleGREENs	8	static
led_disp.c:26:6:toggleYELLOWs	8	static
led_disp.c:34:6:resetREDs	8	static
led_disp.c:39:6:enableRED_WEST	8	static
led_disp.c:44:6:enableYELLOW_WEST	8	static
led_disp.c:49:6:enableGREEN_WEST	8	static
led_disp.c:55:6:enableRED_NORTH	8	static
led_disp.c:60:6:enableGREEN_NORTH	8	static
led_disp.c:65:6:enableYELLOW_NORTH	8	static
led_disp.c:73:6:display7SEG1	16	static
led_disp.c:83:6:display7SEG2	16	static
led_disp.c:93:6:display_chuc	16	static
led_disp.c:103:6:display_don_vi	16	static
